###############################################################################
#
# IAR ELF Linker V8.32.1.169/W32 for ARM                  14/May/2022  09:23:59
# Copyright 2007-2018 IAR Systems AB.
#
#    Output file  =  C:\Users\Tom\Desktop\stm32\new\EWARM\new\Exe\new.out
#    Map file     =  C:\Users\Tom\Desktop\stm32\new\EWARM\new\List\new.map
#    Command line =  
#        -f C:\Users\Tom\AppData\Local\Temp\EW19.tmp
#        (C:\Users\Tom\Desktop\stm32\new\EWARM\new\Obj\gpio.o
#        C:\Users\Tom\Desktop\stm32\new\EWARM\new\Obj\main.o
#        C:\Users\Tom\Desktop\stm32\new\EWARM\new\Obj\startup_stm32f429xx.o
#        C:\Users\Tom\Desktop\stm32\new\EWARM\new\Obj\stm32f4xx_hal.o
#        C:\Users\Tom\Desktop\stm32\new\EWARM\new\Obj\stm32f4xx_hal_cortex.o
#        C:\Users\Tom\Desktop\stm32\new\EWARM\new\Obj\stm32f4xx_hal_dma.o
#        C:\Users\Tom\Desktop\stm32\new\EWARM\new\Obj\stm32f4xx_hal_dma_ex.o
#        C:\Users\Tom\Desktop\stm32\new\EWARM\new\Obj\stm32f4xx_hal_exti.o
#        C:\Users\Tom\Desktop\stm32\new\EWARM\new\Obj\stm32f4xx_hal_flash.o
#        C:\Users\Tom\Desktop\stm32\new\EWARM\new\Obj\stm32f4xx_hal_flash_ex.o
#        C:\Users\Tom\Desktop\stm32\new\EWARM\new\Obj\stm32f4xx_hal_flash_ramfunc.o
#        C:\Users\Tom\Desktop\stm32\new\EWARM\new\Obj\stm32f4xx_hal_gpio.o
#        C:\Users\Tom\Desktop\stm32\new\EWARM\new\Obj\stm32f4xx_hal_msp.o
#        C:\Users\Tom\Desktop\stm32\new\EWARM\new\Obj\stm32f4xx_hal_pwr.o
#        C:\Users\Tom\Desktop\stm32\new\EWARM\new\Obj\stm32f4xx_hal_pwr_ex.o
#        C:\Users\Tom\Desktop\stm32\new\EWARM\new\Obj\stm32f4xx_hal_rcc.o
#        C:\Users\Tom\Desktop\stm32\new\EWARM\new\Obj\stm32f4xx_hal_rcc_ex.o
#        C:\Users\Tom\Desktop\stm32\new\EWARM\new\Obj\stm32f4xx_hal_tim.o
#        C:\Users\Tom\Desktop\stm32\new\EWARM\new\Obj\stm32f4xx_hal_tim_ex.o
#        C:\Users\Tom\Desktop\stm32\new\EWARM\new\Obj\stm32f4xx_it.o
#        C:\Users\Tom\Desktop\stm32\new\EWARM\new\Obj\system_stm32f4xx.o
#        --redirect _Printf=_PrintfFullNoMb --redirect _Scanf=_ScanfFullNoMb
#        --no_out_extension -o
#        C:\Users\Tom\Desktop\stm32\new\EWARM\new\Exe\new.out --map
#        C:\Users\Tom\Desktop\stm32\new\EWARM\new\List\new.map --config
#        "C:\Program Files (x86)\IAR Systems\Embedded Workbench
#        8.2\arm\config\linker\ST\stm32f429xG.icf" --semihosting --entry
#        __iar_program_start --vfe --text_out locale)
#
###############################################################################

*******************************************************************************
*** RUNTIME MODEL ATTRIBUTES
***

CppFlavor       = *
__SystemLibrary = DLib
__dlib_version  = 6


*******************************************************************************
*** HEAP SELECTION
***

The basic heap was selected because no calls to memory allocation
functions were found in the application outside of system library
functions, and there are calls to deallocation functions in the
application.


*******************************************************************************
*** PLACEMENT SUMMARY
***

"A0":  place at 0x800'0000 { ro section .intvec };
"P1":  place in [from 0x800'0000 to 0x80f'ffff] { ro };
define block CSTACK with size = 8K, alignment = 8 { };
"P3":  place in [from 0x1000'0000 to 0x1000'ffff] {
          block CSTACK, section .ccram };
define block HEAP with size = 8K, alignment = 8 { };
"P4":  place in [from 0x2000'0000 to 0x2001'bfff] |
                [from 0x2001'c000 to 0x2001'ffff] |
                [from 0x2002'0000 to 0x2002'ffff] { rw, block HEAP };
initialize by copy { rw };

No sections matched the following patterns:

  ro section application_specific_ro  in "P2|P6"
  rw section application_specific_rw  in "P2|P6"
  section .backup_sram                in "P5"
  section .ccram                      in "P3"


  Section            Kind         Address    Size  Object
  -------            ----         -------    ----  ------
"A0":                                       0x1ac
  .intvec            ro code   0x800'0000   0x1ac  startup_stm32f429xx.o [1]
                             - 0x800'01ac   0x1ac

"P1":                                       0xe38
  .text              ro code   0x800'01ac   0x3c4  stm32f4xx_hal_rcc.o [1]
  .text              ro code   0x800'0570     0xc  stm32f4xx_hal.o [1]
  .text              ro code   0x800'057c   0x230  I64DivMod.o [4]
  .text              ro code   0x800'07ac     0x2  I64DivZer.o [4]
  .text              ro code   0x800'07b0   0x1d4  stm32f4xx_hal_rcc.o [1]
  .text              ro code   0x800'0984    0x4c  stm32f4xx_hal.o [1]
  .text              ro code   0x800'09d0   0x100  stm32f4xx_hal_cortex.o [1]
  .text              ro code   0x800'0ad0    0xcc  main.o [1]
  .text              ro code   0x800'0b9c    0x34  stm32f4xx_hal.o [1]
  .text              ro code   0x800'0bd0    0x64  gpio.o [1]
  .text              ro code   0x800'0c34     0x6  ABImemclr4.o [4]
  .text              ro code   0x800'0c3c    0x7c  stm32f4xx_hal_pwr_ex.o [1]
  .text              ro code   0x800'0cb8    0x40  stm32f4xx_hal_msp.o [1]
  .text              ro code   0x800'0cf8    0x32  ABImemset48.o [4]
  .text              ro code   0x800'0d2a    0x2c  copy_init3.o [4]
  .text              ro code   0x800'0d58    0x28  data_init.o [4]
  .text              ro code   0x800'0d80    0x22  fpinit_M.o [3]
  .iar.init_table    const     0x800'0da4    0x14  - Linker created -
  .text              ro code   0x800'0db8    0x1e  cmain.o [4]
  .text              ro code   0x800'0dd6     0x4  low_level_init.o [2]
  .text              ro code   0x800'0dda     0x4  exit.o [2]
  .text              ro code   0x800'0de0     0xa  cexit.o [4]
  .text              ro code   0x800'0dec    0x14  exit.o [5]
  .text              ro code   0x800'0e00    0x18  stm32f4xx_hal.o [1]
  .text              ro code   0x800'0e18    0x18  stm32f4xx_it.o [1]
  .rodata            const     0x800'0e30    0x10  system_stm32f4xx.o [1]
  .text              ro code   0x800'0e40    0x10  startup_stm32f429xx.o [1]
  .text              ro code   0x800'0e50    0x10  system_stm32f4xx.o [1]
  .text              ro code   0x800'0e60     0xc  cstartup_M.o [4]
  .text              ro code   0x800'0e6c     0x4  startup_stm32f429xx.o [1]
  .text              ro code   0x800'0e70     0x4  startup_stm32f429xx.o [1]
  .text              ro code   0x800'0e74     0x4  startup_stm32f429xx.o [1]
  .text              ro code   0x800'0e78     0x4  startup_stm32f429xx.o [1]
  .text              ro code   0x800'0e7c     0x4  startup_stm32f429xx.o [1]
  .text              ro code   0x800'0e80     0x4  startup_stm32f429xx.o [1]
  .text              ro code   0x800'0e84     0x4  startup_stm32f429xx.o [1]
  .text              ro code   0x800'0e88     0x4  startup_stm32f429xx.o [1]
  .text              ro code   0x800'0e8c     0x4  startup_stm32f429xx.o [1]
  .text              ro code   0x800'0e90     0x4  startup_stm32f429xx.o [1]
  .text              ro code   0x800'0e94     0x4  startup_stm32f429xx.o [1]
  .text              ro code   0x800'0e98     0x4  startup_stm32f429xx.o [1]
  .text              ro code   0x800'0e9c     0x4  startup_stm32f429xx.o [1]
  .text              ro code   0x800'0ea0     0x4  startup_stm32f429xx.o [1]
  .text              ro code   0x800'0ea4     0x4  startup_stm32f429xx.o [1]
  .text              ro code   0x800'0ea8     0x4  startup_stm32f429xx.o [1]
  .text              ro code   0x800'0eac     0x4  startup_stm32f429xx.o [1]
  .text              ro code   0x800'0eb0     0x4  startup_stm32f429xx.o [1]
  .text              ro code   0x800'0eb4     0x4  startup_stm32f429xx.o [1]
  .text              ro code   0x800'0eb8     0x4  startup_stm32f429xx.o [1]
  .text              ro code   0x800'0ebc     0x4  startup_stm32f429xx.o [1]
  .text              ro code   0x800'0ec0     0x4  startup_stm32f429xx.o [1]
  .text              ro code   0x800'0ec4     0x4  startup_stm32f429xx.o [1]
  .text              ro code   0x800'0ec8     0x4  startup_stm32f429xx.o [1]
  .text              ro code   0x800'0ecc     0x4  startup_stm32f429xx.o [1]
  .text              ro code   0x800'0ed0     0x4  startup_stm32f429xx.o [1]
  .text              ro code   0x800'0ed4     0x4  startup_stm32f429xx.o [1]
  .text              ro code   0x800'0ed8     0x4  startup_stm32f429xx.o [1]
  .text              ro code   0x800'0edc     0x4  startup_stm32f429xx.o [1]
  .text              ro code   0x800'0ee0     0x4  startup_stm32f429xx.o [1]
  .text              ro code   0x800'0ee4     0x4  startup_stm32f429xx.o [1]
  .text              ro code   0x800'0ee8     0x4  startup_stm32f429xx.o [1]
  .text              ro code   0x800'0eec     0x4  startup_stm32f429xx.o [1]
  .text              ro code   0x800'0ef0     0x4  startup_stm32f429xx.o [1]
  .text              ro code   0x800'0ef4     0x4  startup_stm32f429xx.o [1]
  .text              ro code   0x800'0ef8     0x4  startup_stm32f429xx.o [1]
  .text              ro code   0x800'0efc     0x4  startup_stm32f429xx.o [1]
  .text              ro code   0x800'0f00     0x4  startup_stm32f429xx.o [1]
  .text              ro code   0x800'0f04     0x4  startup_stm32f429xx.o [1]
  .text              ro code   0x800'0f08     0x4  startup_stm32f429xx.o [1]
  .text              ro code   0x800'0f0c     0x4  startup_stm32f429xx.o [1]
  .text              ro code   0x800'0f10     0x4  startup_stm32f429xx.o [1]
  .text              ro code   0x800'0f14     0x4  startup_stm32f429xx.o [1]
  .text              ro code   0x800'0f18     0x4  startup_stm32f429xx.o [1]
  .text              ro code   0x800'0f1c     0x4  startup_stm32f429xx.o [1]
  .text              ro code   0x800'0f20     0x4  startup_stm32f429xx.o [1]
  .text              ro code   0x800'0f24     0x4  startup_stm32f429xx.o [1]
  .text              ro code   0x800'0f28     0x4  startup_stm32f429xx.o [1]
  .text              ro code   0x800'0f2c     0x4  startup_stm32f429xx.o [1]
  .text              ro code   0x800'0f30     0x4  startup_stm32f429xx.o [1]
  .text              ro code   0x800'0f34     0x4  startup_stm32f429xx.o [1]
  .text              ro code   0x800'0f38     0x4  startup_stm32f429xx.o [1]
  .text              ro code   0x800'0f3c     0x4  startup_stm32f429xx.o [1]
  .text              ro code   0x800'0f40     0x4  startup_stm32f429xx.o [1]
  .text              ro code   0x800'0f44     0x4  startup_stm32f429xx.o [1]
  .text              ro code   0x800'0f48     0x4  startup_stm32f429xx.o [1]
  .text              ro code   0x800'0f4c     0x4  startup_stm32f429xx.o [1]
  .text              ro code   0x800'0f50     0x4  startup_stm32f429xx.o [1]
  .text              ro code   0x800'0f54     0x4  startup_stm32f429xx.o [1]
  .text              ro code   0x800'0f58     0x4  startup_stm32f429xx.o [1]
  .text              ro code   0x800'0f5c     0x4  startup_stm32f429xx.o [1]
  .text              ro code   0x800'0f60     0x4  startup_stm32f429xx.o [1]
  .text              ro code   0x800'0f64     0x4  startup_stm32f429xx.o [1]
  .text              ro code   0x800'0f68     0x4  startup_stm32f429xx.o [1]
  .text              ro code   0x800'0f6c     0x4  startup_stm32f429xx.o [1]
  .text              ro code   0x800'0f70     0x4  startup_stm32f429xx.o [1]
  .text              ro code   0x800'0f74     0x4  startup_stm32f429xx.o [1]
  .text              ro code   0x800'0f78     0x4  startup_stm32f429xx.o [1]
  .text              ro code   0x800'0f7c     0x4  startup_stm32f429xx.o [1]
  .text              ro code   0x800'0f80     0x4  startup_stm32f429xx.o [1]
  .text              ro code   0x800'0f84     0x4  startup_stm32f429xx.o [1]
  .text              ro code   0x800'0f88     0x4  startup_stm32f429xx.o [1]
  .text              ro code   0x800'0f8c     0x4  startup_stm32f429xx.o [1]
  .text              ro code   0x800'0f90     0x4  startup_stm32f429xx.o [1]
  .text              ro code   0x800'0f94     0x4  startup_stm32f429xx.o [1]
  .text              ro code   0x800'0f98     0x4  startup_stm32f429xx.o [1]
  .text              ro code   0x800'0f9c     0x4  startup_stm32f429xx.o [1]
  .text              ro code   0x800'0fa0     0x4  startup_stm32f429xx.o [1]
  .text              ro code   0x800'0fa4     0x4  startup_stm32f429xx.o [1]
  .text              ro code   0x800'0fa8     0x4  startup_stm32f429xx.o [1]
  .text              ro code   0x800'0fac     0x4  startup_stm32f429xx.o [1]
  .text              ro code   0x800'0fb0     0x4  startup_stm32f429xx.o [1]
  .text              ro code   0x800'0fb4     0x4  startup_stm32f429xx.o [1]
  .text              ro code   0x800'0fb8     0x4  startup_stm32f429xx.o [1]
  .text              ro code   0x800'0fbc     0x4  startup_stm32f429xx.o [1]
  .text              ro code   0x800'0fc0     0x4  startup_stm32f429xx.o [1]
  .text              ro code   0x800'0fc4     0x4  startup_stm32f429xx.o [1]
  .text              ro code   0x800'0fc8     0x4  startup_stm32f429xx.o [1]
  .text              ro code   0x800'0fcc     0x4  startup_stm32f429xx.o [1]
  .text              ro code   0x800'0fd0     0x4  startup_stm32f429xx.o [1]
  .rodata            const     0x800'0fd4     0x0  copy_init3.o [4]
  Initializer bytes  const     0x800'0fd4    0x10  <for P4 s0>
                             - 0x800'0fe4   0xe38

"P3":                                      0x2000
  CSTACK                      0x1000'0000  0x2000  <Block>
    CSTACK           uninit   0x1000'0000  0x2000  <Block tail>
                            - 0x1000'2000  0x2000

"P4":                                        0x10
  P4 s0                       0x2000'0000    0x10  <Init block>
    .data            inited   0x2000'0000     0x4  stm32f4xx_hal.o [1]
    .data            inited   0x2000'0004     0x4  system_stm32f4xx.o [1]
    .bss             inited   0x2000'0008     0x4  stm32f4xx_hal.o [1]
    .data            inited   0x2000'000c     0x1  stm32f4xx_hal.o [1]
                            - 0x2000'0010    0x10

Unused ranges:

         From           To      Size
         ----           --      ----
   0x800'0fe4   0x80f'ffff  0xf'f01c
  0x1000'2000  0x1000'ffff    0xe000
  0x2000'0010  0x2001'bfff  0x1'bff0
  0x2001'c000  0x2001'ffff    0x4000
  0x2002'0000  0x2002'ffff  0x1'0000


*******************************************************************************
*** INIT TABLE
***

          Address      Size
          -------      ----
Copy (__iar_copy_init3)
    1 source range, total size 0x10 (123% of destination):
           0x800'0fd4  0x10
    1 destination range, total size 0xd:
          0x2000'0000   0xd



*******************************************************************************
*** MODULE SUMMARY
***

    Module                  ro code  ro data  rw data
    ------                  -------  -------  -------
command line/config:
    -------------------------------------------------
    Total:

C:\Users\Tom\Desktop\stm32\new\EWARM\new\Obj: [1]
    gpio.o                      100
    main.o                      204
    startup_stm32f429xx.o       804
    stm32f4xx_hal.o             164        9        9
    stm32f4xx_hal_cortex.o      256
    stm32f4xx_hal_msp.o          64
    stm32f4xx_hal_pwr_ex.o      124
    stm32f4xx_hal_rcc.o       1 432
    stm32f4xx_it.o               24
    system_stm32f4xx.o           16       20        4
    -------------------------------------------------
    Total:                    3 188       29       13

dl7M_tln.a: [2]
    exit.o                        4
    low_level_init.o              4
    -------------------------------------------------
    Total:                        8

m7M_tls.a: [3]
    fpinit_M.o                   34
    -------------------------------------------------
    Total:                       34

rt7M_tl.a: [4]
    ABImemclr4.o                  6
    ABImemset48.o                50
    I64DivMod.o                 560
    I64DivZer.o                   2
    cexit.o                      10
    cmain.o                      30
    copy_init3.o                 44
    cstartup_M.o                 12
    data_init.o                  40
    -------------------------------------------------
    Total:                      754

shb_l.a: [5]
    exit.o                       20
    -------------------------------------------------
    Total:                       20

    Gaps                         10        2
    Linker created                        23    8 192
-----------------------------------------------------
    Grand Total:              4 014       54    8 205


*******************************************************************************
*** ENTRY LIST
***

Entry                       Address   Size  Type      Object
-----                       -------   ----  ----      ------
.iar.init_table$$Base    0x800'0da4          --   Gb  - Linker created -
.iar.init_table$$Limit   0x800'0db8          --   Gb  - Linker created -
?main                    0x800'0db9         Code  Gb  cmain.o [4]
AHBPrescTable            0x800'0e30   0x10  Data  Gb  system_stm32f4xx.o [1]
BusFault_Handler         0x800'0e1f    0x2  Code  Gb  stm32f4xx_it.o [1]
CSTACK$$Base            0x1000'0000          --   Gb  - Linker created -
CSTACK$$Limit           0x1000'2000          --   Gb  - Linker created -
DebugMon_Handler         0x800'0e25    0x2  Code  Gb  stm32f4xx_it.o [1]
Error_Handler            0x800'0b99    0x4  Code  Gb  main.o [1]
HAL_GetTick              0x800'0571    0xc  Code  Wk  stm32f4xx_hal.o [1]
HAL_IncTick              0x800'0e01   0x18  Code  Wk  stm32f4xx_hal.o [1]
HAL_Init                 0x800'0b9d   0x30  Code  Gb  stm32f4xx_hal.o [1]
HAL_InitTick             0x800'0985   0x4c  Code  Wk  stm32f4xx_hal.o [1]
HAL_MspInit              0x800'0cb9   0x40  Code  Gb  stm32f4xx_hal_msp.o [1]
HAL_NVIC_SetPriority     0x800'0a8b   0x22  Code  Gb  stm32f4xx_hal_cortex.o [1]
HAL_NVIC_SetPriorityGrouping
                         0x800'0a83    0x8  Code  Gb  stm32f4xx_hal_cortex.o [1]
HAL_PWREx_EnableOverDrive
                         0x800'0c3d   0x6a  Code  Gb  stm32f4xx_hal_pwr_ex.o [1]
HAL_RCC_ClockConfig      0x800'07b1  0x13a  Code  Gb  stm32f4xx_hal_rcc.o [1]
HAL_RCC_OscConfig        0x800'01ad  0x3c4  Code  Wk  stm32f4xx_hal_rcc.o [1]
HAL_SYSTICK_Config       0x800'0aad    0x8  Code  Gb  stm32f4xx_hal_cortex.o [1]
HardFault_Handler        0x800'0e1b    0x2  Code  Gb  stm32f4xx_it.o [1]
MX_GPIO_Init             0x800'0bd1   0x64  Code  Gb  gpio.o [1]
MemManage_Handler        0x800'0e1d    0x2  Code  Gb  stm32f4xx_it.o [1]
NMI_Handler              0x800'0e19    0x2  Code  Gb  stm32f4xx_it.o [1]
NVIC_EncodePriority      0x800'0a19   0x3c  Code  Lc  stm32f4xx_hal_cortex.o [1]
PendSV_Handler           0x800'0e27    0x2  Code  Gb  stm32f4xx_it.o [1]
Region$$Table$$Base      0x800'0da4          --   Gb  - Linker created -
Region$$Table$$Limit     0x800'0db8          --   Gb  - Linker created -
SVC_Handler              0x800'0e23    0x2  Code  Gb  stm32f4xx_it.o [1]
SysTick_Config           0x800'0a55   0x2e  Code  Lc  stm32f4xx_hal_cortex.o [1]
SysTick_Handler          0x800'0e29    0x8  Code  Gb  stm32f4xx_it.o [1]
SystemClock_Config       0x800'0ae1   0xae  Code  Gb  main.o [1]
SystemCoreClock         0x2000'0004    0x4  Data  Gb  system_stm32f4xx.o [1]
SystemInit               0x800'0e51    0xc  Code  Gb  system_stm32f4xx.o [1]
UsageFault_Handler       0x800'0e21    0x2  Code  Gb  stm32f4xx_it.o [1]
__NVIC_GetPriorityGrouping
                         0x800'09eb    0xa  Code  Lc  stm32f4xx_hal_cortex.o [1]
__NVIC_SetPriority       0x800'09f5   0x24  Code  Lc  stm32f4xx_hal_cortex.o [1]
__NVIC_SetPriorityGrouping
                         0x800'09d1   0x1a  Code  Lc  stm32f4xx_hal_cortex.o [1]
__aeabi_ldiv0            0x800'07ad         Code  Gb  I64DivZer.o [4]
__aeabi_memclr4          0x800'0c35         Code  Gb  ABImemclr4.o [4]
__aeabi_uldivmod         0x800'057d         Code  Gb  I64DivMod.o [4]
__cmain                  0x800'0db9         Code  Gb  cmain.o [4]
__exit                   0x800'0ded   0x14  Code  Gb  exit.o [5]
__iar_Memset4_word       0x800'0cf9         Code  Gb  ABImemset48.o [4]
__iar_Memset8_word       0x800'0cf9         Code  Gb  ABImemset48.o [4]
__iar_copy_init3         0x800'0d2b   0x2c  Code  Gb  copy_init3.o [4]
__iar_data_init3         0x800'0d59   0x28  Code  Gb  data_init.o [4]
__iar_init_vfp           0x800'0d81         Code  Gb  fpinit_M.o [3]
__iar_program_start      0x800'0e61         Code  Gb  cstartup_M.o [4]
__low_level_init         0x800'0dd7    0x4  Code  Gb  low_level_init.o [2]
__vector_table           0x800'0000         Data  Gb  startup_stm32f429xx.o [1]
_call_main               0x800'0dc5         Code  Gb  cmain.o [4]
_exit                    0x800'0de1         Code  Gb  cexit.o [4]
_main                    0x800'0dd3         Code  Gb  cmain.o [4]
exit                     0x800'0ddb    0x4  Code  Gb  exit.o [2]
main                     0x800'0ad1   0x10  Code  Gb  main.o [1]
uwTick                  0x2000'0008    0x4  Data  Gb  stm32f4xx_hal.o [1]
uwTickFreq              0x2000'000c    0x1  Data  Gb  stm32f4xx_hal.o [1]
uwTickPrio              0x2000'0000    0x4  Data  Gb  stm32f4xx_hal.o [1]


[1] = C:\Users\Tom\Desktop\stm32\new\EWARM\new\Obj
[2] = dl7M_tln.a
[3] = m7M_tls.a
[4] = rt7M_tl.a
[5] = shb_l.a

  4 014 bytes of readonly  code memory
     54 bytes of readonly  data memory
  8 205 bytes of readwrite data memory

Errors: none
Warnings: none
